../Src/012i2c_slave_tx_testing.c:18:6:delay	16	static
../Src/012i2c_slave_tx_testing.c:33:6:I2C1_GPIOInits	24	static
../Src/012i2c_slave_tx_testing.c:56:6:I2C1_Inits	8	static
../Src/012i2c_slave_tx_testing.c:68:6:GPIO_ButtonInit	24	static
../Src/012i2c_slave_tx_testing.c:84:5:main	8	static
../Src/012i2c_slave_tx_testing.c:115:6:I2C1_EV_IRQHandler	8	static
../Src/012i2c_slave_tx_testing.c:121:6:I2C1_ER_IRQHandler	8	static
../Src/012i2c_slave_tx_testing.c:129:6:I2C_ApplicationEventCallback	24	static
